<!DOCTYPE html><html><head><title>Image GPS Information</title></head><body><table><thead><tr><th>Image Path</th><th>Latitude</th><th>Longitude</th><th>Map Link</th><th>Note</th></tr></thead><tbody><tr><td>./images/cats/image_e.jpg</td><td>59°55&#39;29&quot; N</td><td>10°41&#39;44&quot; E</td><td>https://www.google.pl/maps/@59.9247550799827,10.695598120067395,13z</td><td></td></tr><tr><td>./images/image_d.jpg</td><td>?</td><td>?</td><td>?</td><td>No GPS data found</td></tr><tr><td>./images/image_b.jpg</td><td>?</td><td>?</td><td>?</td><td>File not readable or no EXIF data in file.</td></tr><tr><td>./images/image_c.jpg</td><td>38°24&#39;0&quot; N</td><td>122°49&#39;0&quot; W</td><td>https://www.google.pl/maps/@38.4,-122.82866666666666,13z</td><td></td></tr><tr><td>./images/image_a.jpg</td><td>50°5&#39;0&quot; N</td><td>122°56&#39;0&quot; W</td><td>https://www.google.pl/maps/@50.09133333333333,-122.94566666666667,13z</td><td></td></tr></tbody></table></body></html>