Image Path,Latitude,Longitude,Map Link,Note
./images/cats/image_e.jpg,"59°55'29"" N","10°41'44"" E","https://www.google.pl/maps/@59.9247550799827,10.695598120067395,13z",
./images/image_d.jpg,?,?,?,No GPS data found
./images/image_b.jpg,?,?,?,File not readable or no EXIF data in file.
./images/image_c.jpg,"38°24'0"" N","122°49'0"" W","https://www.google.pl/maps/@38.4,-122.82866666666666,13z",
./images/image_a.jpg,"50°5'0"" N","122°56'0"" W","https://www.google.pl/maps/@50.09133333333333,-122.94566666666667,13z",
